#COLLECTE 4 WINNING_JOBS
##PARALLEL JOB[3] (1,expjob_1) timing=19793 dir=minplacer\00001_pa01_00006_rplan
##PARALLEL JOB[2] (2,expjob_2) timing=19721 dir=minplacer\00002_pa02_00006_rplan
##PARALLEL JOB[1] (3,expjob_3) timing=19322 dir=minplacer\00003_pa03_00006_rplan
##PARALLEL JOB[0] (0,expjob_0) timing=19077 dir=minplacer\00000_pa00_00006_rplan
PrePlaceDly=79198
#PLC_RUNDIR=minplacer\00000_pa00_00003_wl timing=10339 cg=0
PlaceDly=10339
TWL=49310
PEAKMEM=1305MB
#PLC_RUNDIR=minplacer\00000_pa00_00005_post timing=19077 cg=0
PostIter=1
PlaceDly=19077
TWL=52030
PEAKMEM=1415MB
TotPostIter=1
#PLC_RUNDIR=minplacer\00000_pa00_00006_rplan timing=19077 cg=50
FinderPnRatio=50
FinderPnIter=0
PlaceDly=19077
PEAKMEM=1374MB
ParWin                              =expjob_0
