>>> %Run -c $EDITOR_CONTENT

MPY: soft reboot
[shrike_flash] FPGA reset done 
[shrike_flash] FPGA reset done 
[shrike_fpga] Starting FPGA flash...
[shrike_fpga] flashing: abc469b.bin
[shrike_flash] FPGA programming done.
SELFTEST NIBBLE_CONVERSION=PASS REQUEST_LENGTHS=1..258 RESPONSE_LENGTHS=1..257 PACKET_WORD_BOUNDARY=PASS DMA_COUNT=PASS MARKER_POSITION=PASS TX_MAX_NIBBLES=516 TX_MAX_DATA_WORDS=65 RX_MAX_NIBBLES=514 RX_MAX_DATA_WORDS=65 TX_BUFFER_WORDS=67 RX_BUFFER_WORDS=66 PASS
ABC469B_CONFIG BITSTREAM=abc469b.bin SHRIKE_PARALLEL_C_VERSION=0.1.0-a4 PARALLEL_CLK_HZ=4000000
NAME=sample1 N=8 S=xxoxxxox RESULT=2 EXPECT=2 STATUS=0x00 PASS TIME_US=2473 PARALLEL_CLK_HZ=4000000
NAME=sample2 N=5 S=ooooo RESULT=0 EXPECT=0 STATUS=0x00 PASS TIME_US=1196 PARALLEL_CLK_HZ=4000000
NAME=sample3 N=1 S=x RESULT=1 EXPECT=1 STATUS=0x00 PASS TIME_US=1220 PARALLEL_CLK_HZ=4000000
NAME=single_occupied N=1 S=o RESULT=0 EXPECT=0 STATUS=0x00 PASS TIME_US=1216 PARALLEL_CLK_HZ=4000000
NAME=left_edge N=3 S=xxo RESULT=1 EXPECT=1 STATUS=0x00 PASS TIME_US=1225 PARALLEL_CLK_HZ=4000000
NAME=right_edge N=3 S=oxx RESULT=1 EXPECT=1 STATUS=0x00 PASS TIME_US=1215 PARALLEL_CLK_HZ=4000000
NAME=middle_run N=5 S=oxxxo RESULT=1 EXPECT=1 STATUS=0x00 PASS TIME_US=1239 PARALLEL_CLK_HZ=4000000
NAME=max_all_empty N=100 S_LEN=100 RESULT=100 EXPECT=100 STATUS=0x00 PASS TIME_US=1345 PARALLEL_CLK_HZ=4000000
NAME=invalid_n_zero N=0 RESULT=0 EXPECT=0 STATUS=0xE2 PASS TIME_US=1184 PARALLEL_CLK_HZ=4000000
NAME=soft_reset_after_invalid_n_zero N=- RESULT=-- EXPECT=-- STATUS=0x00 PASS TIME_US=1212 PARALLEL_CLK_HZ=4000000
NAME=recover_after_invalid_n_zero N=8 S=xxoxxxox RESULT=2 EXPECT=2 STATUS=0x00 PASS TIME_US=1207 PARALLEL_CLK_HZ=4000000
NAME=invalid_n_gt_100 N=101 RESULT=0 EXPECT=0 STATUS=0xE2 PASS TIME_US=1160 PARALLEL_CLK_HZ=4000000
NAME=soft_reset_after_invalid_n_gt_100 N=- RESULT=-- EXPECT=-- STATUS=0x00 PASS TIME_US=1174 PARALLEL_CLK_HZ=4000000
NAME=recover_after_invalid_n_gt_100 N=8 S=xxoxxxox RESULT=2 EXPECT=2 STATUS=0x00 PASS TIME_US=1212 PARALLEL_CLK_HZ=4000000
NAME=invalid_character N=3 S=xax RESULT=0 EXPECT=0 STATUS=0xE2 PASS TIME_US=1219 PARALLEL_CLK_HZ=4000000
NAME=soft_reset_after_invalid_character N=- RESULT=-- EXPECT=-- STATUS=0x00 PASS TIME_US=1157 PARALLEL_CLK_HZ=4000000
NAME=recover_after_invalid_character N=8 S=xxoxxxox RESULT=2 EXPECT=2 STATUS=0x00 PASS TIME_US=1211 PARALLEL_CLK_HZ=4000000
IDLE_CHECK PARALLEL_CLK_HZ=4000000 REQ_LOW=PASS CLK_LOW=PASS DATA_INPUT_SW=PASS DATA_INPUT_WAVEFORM=NOT_TESTED FIFO_STALL_WAVEFORM=NOT_TESTED BUS_CONTENTION_WAVEFORM=NOT_TESTED PIO_CONTROL_WAIT=STATIC_INFERRED PASS=PASS
ABC469B_SUMMARY COUNT=17 PASS=17 FAIL=0 RESULT=PASS
>>> 
