>>> %Run -c $EDITOR_CONTENT

MPY: soft reboot
[shrike_flash] FPGA reset done 
[shrike_flash] FPGA reset done 
[shrike_fpga] Starting FPGA flash...
[shrike_fpga] flashing: abc469a.bin
[shrike_flash] FPGA programming done.
SELFTEST NIBBLE_CONVERSION=PASS REQUEST_LENGTHS=1..258 RESPONSE_LENGTHS=1..257 PACKET_WORD_BOUNDARY=PASS DMA_COUNT=PASS MARKER_POSITION=PASS TX_MAX_NIBBLES=516 TX_MAX_DATA_WORDS=65 RX_MAX_NIBBLES=514 RX_MAX_DATA_WORDS=65 TX_BUFFER_WORDS=67 RX_BUFFER_WORDS=66 PASS
ABC469A_CONFIG BITSTREAM=abc469a.bin SHRIKE_PARALLEL_C_VERSION=0.1.0-a4 PARALLEL_CLK_HZ=4000000 RUN_ALL_VALID_INPUTS=False
NAME=sample1 N=5 K=2 RESULT=4 EXPECT=4 STATUS=0x00 PASS TIME_US=3004 PARALLEL_CLK_HZ=4000000
NAME=sample2 N=1 K=1 RESULT=1 EXPECT=1 STATUS=0x00 PASS TIME_US=1226 PARALLEL_CLK_HZ=4000000
NAME=sample3 N=99 K=50 RESULT=50 EXPECT=50 STATUS=0x00 PASS TIME_US=1200 PARALLEL_CLK_HZ=4000000
NAME=first_car N=100 K=1 RESULT=100 EXPECT=100 STATUS=0x00 PASS TIME_US=1220 PARALLEL_CLK_HZ=4000000
NAME=last_car N=100 K=100 RESULT=1 EXPECT=1 STATUS=0x00 PASS TIME_US=1215 PARALLEL_CLK_HZ=4000000
NAME=invalid_n_zero N=0 K=1 RESULT=0 EXPECT=0 STATUS=0xE2 PASS TIME_US=1230 PARALLEL_CLK_HZ=4000000
NAME=soft_reset_after_invalid_n_zero N=- K=- RESULT=0 EXPECT=0 STATUS=0x00 PASS TIME_US=1199 PARALLEL_CLK_HZ=4000000
NAME=recover_after_invalid_n_zero N=5 K=2 RESULT=4 EXPECT=4 STATUS=0x00 PASS TIME_US=1263 PARALLEL_CLK_HZ=4000000
NAME=invalid_k_zero N=5 K=0 RESULT=0 EXPECT=0 STATUS=0xE2 PASS TIME_US=1204 PARALLEL_CLK_HZ=4000000
NAME=soft_reset_after_invalid_k_zero N=- K=- RESULT=0 EXPECT=0 STATUS=0x00 PASS TIME_US=1176 PARALLEL_CLK_HZ=4000000
NAME=recover_after_invalid_k_zero N=5 K=2 RESULT=4 EXPECT=4 STATUS=0x00 PASS TIME_US=1257 PARALLEL_CLK_HZ=4000000
NAME=invalid_k_gt_n N=5 K=6 RESULT=0 EXPECT=0 STATUS=0xE2 PASS TIME_US=1192 PARALLEL_CLK_HZ=4000000
NAME=soft_reset_after_invalid_k_gt_n N=- K=- RESULT=0 EXPECT=0 STATUS=0x00 PASS TIME_US=1190 PARALLEL_CLK_HZ=4000000
NAME=recover_after_invalid_k_gt_n N=5 K=2 RESULT=4 EXPECT=4 STATUS=0x00 PASS TIME_US=1240 PARALLEL_CLK_HZ=4000000
NAME=invalid_n_gt_100 N=101 K=1 RESULT=0 EXPECT=0 STATUS=0xE2 PASS TIME_US=1204 PARALLEL_CLK_HZ=4000000
NAME=soft_reset_after_invalid_n_gt_100 N=- K=- RESULT=0 EXPECT=0 STATUS=0x00 PASS TIME_US=1251 PARALLEL_CLK_HZ=4000000
NAME=recover_after_invalid_n_gt_100 N=5 K=2 RESULT=4 EXPECT=4 STATUS=0x00 PASS TIME_US=1219 PARALLEL_CLK_HZ=4000000
IDLE_CHECK PARALLEL_CLK_HZ=4000000 REQ_LOW=PASS CLK_LOW=PASS DATA_INPUT_SW=PASS DATA_INPUT_WAVEFORM=NOT_TESTED FIFO_STALL_WAVEFORM=NOT_TESTED BUS_CONTENTION_WAVEFORM=NOT_TESTED PIO_CONTROL_WAIT=STATIC_INFERRED PASS=PASS
ABC469A_SUMMARY COUNT=17 PASS=17 FAIL=0 RESULT=PASS
>>> 
