>>> %Run -c $EDITOR_CONTENT

MPY: soft reboot
WORK7_BENCHMARK_BEGIN BITSTREAM=abc472b.bin SHA256=4BCBCBC4DBF0B3C678BE398A31710464C509A81A581DBE98D08282A5758F49A4
[shrike_flash] FPGA reset done 
[shrike_flash] FPGA reset done 
[shrike_fpga] Starting FPGA flash...
[shrike_fpga] flashing: abc472b.bin
[shrike_flash] FPGA programming done.
WORK7_BENCHMARK_SETUP INPUT=maximum_total VALUE=100000 SPI_HZ=4000000 BYTES=301 BURSTS=256+45 CALC_WAIT_US=10
RUN=01 ELAPSED_US=4728 ANSWER=0 EXPECT=0 STATUS=PASS
RUN=02 ELAPSED_US=4203 ANSWER=0 EXPECT=0 STATUS=PASS
RUN=03 ELAPSED_US=4181 ANSWER=0 EXPECT=0 STATUS=PASS
RUN=04 ELAPSED_US=4198 ANSWER=0 EXPECT=0 STATUS=PASS
RUN=05 ELAPSED_US=4198 ANSWER=0 EXPECT=0 STATUS=PASS
RUN=06 ELAPSED_US=4180 ANSWER=0 EXPECT=0 STATUS=PASS
RUN=07 ELAPSED_US=4180 ANSWER=0 EXPECT=0 STATUS=PASS
RUN=08 ELAPSED_US=4198 ANSWER=0 EXPECT=0 STATUS=PASS
RUN=09 ELAPSED_US=4203 ANSWER=0 EXPECT=0 STATUS=PASS
RUN=10 ELAPSED_US=4201 ANSWER=0 EXPECT=0 STATUS=PASS
RUN=11 ELAPSED_US=4200 ANSWER=0 EXPECT=0 STATUS=PASS
RUN=12 ELAPSED_US=4184 ANSWER=0 EXPECT=0 STATUS=PASS
RUN=13 ELAPSED_US=4204 ANSWER=0 EXPECT=0 STATUS=PASS
RUN=14 ELAPSED_US=4186 ANSWER=0 EXPECT=0 STATUS=PASS
RUN=15 ELAPSED_US=4207 ANSWER=0 EXPECT=0 STATUS=PASS
RUN=16 ELAPSED_US=4193 ANSWER=0 EXPECT=0 STATUS=PASS
RUN=17 ELAPSED_US=4196 ANSWER=0 EXPECT=0 STATUS=PASS
RUN=18 ELAPSED_US=4212 ANSWER=0 EXPECT=0 STATUS=PASS
RUN=19 ELAPSED_US=4197 ANSWER=0 EXPECT=0 STATUS=PASS
RUN=20 ELAPSED_US=4213 ANSWER=0 EXPECT=0 STATUS=PASS
BENCHMARK N=100 RUNS=20
MIN_US=4180
AVG_US=4223.1
MAX_US=4728
RESULT=PASS
WORK7_BENCHMARK_DONE RESULT=PASS
>>> 

