net 3: (4 31)->(5 31) 0 2 0 0 #timing (1 1) ps polarity 1
net 3: (5 31)->(7 29) 1 3 0 0 #timing (172 138) ps polarity 0
net 3: (7 29)->(7 25) 3 1 0 0 #timing (455 465) ps polarity 0
net 3: (7 25)->(7 25) 5 0 1 0 #timing (589 610) ps polarity 1
net 3: (7 25)->(7 8) 13 1 1 0 #timing (1362 1194) ps polarity 0
net 3: (7 8)->(15 0) 5 3 0 1 #timing (2184 2003) ps  polarity 0
net 3: (15 0)->(13 2) 1 3 0 1 #timing (2477 2261) ps  polarity 0
net 3: (13 2)->(13 3) 0 1 0 1 #timing (2423 2663) ps  polarity 1
net 7: (17 3)->(17 2) 0 1 0 0 #timing (700 700) ps polarity 1
net 7: (17 2)->(17 0) 1 1 0 0 #timing (830 811) ps polarity 0
net 7: (17 0)->(17 2) 1 1 0 1 #timing (1086 1029) ps  polarity 1
net 7: (17 2)->(17 3) 0 1 0 1 #timing (1169 1229) ps  polarity 0
net 8: (22 2)->(22 3) 0 1 0 0 #timing (189 189) ps polarity 1
net 8: (22 3)->(20 1) 1 3 0 0 #timing (378 338) ps polarity 0
net 8: (20 1)->(22 1) 1 2 0 1 #timing (679 597) ps  polarity 1
net 8: (22 1)->(23 0) 0 3 0 1 #timing (749 836) ps  polarity 0
net 9: (22 0)->(22 0) 0 0 0 0 #timing (809 809) ps polarity 1
net 9: (22 0)->(20 2) 1 3 0 0 #timing (978 950) ps polarity 0
net 9: (20 2)->(22 2) 1 2 0 1 #timing (1319 1238) ps  polarity 1
net 9: (22 2)->(23 2) 0 2 0 1 #timing (1401 1495) ps  polarity 0
net 9: (20 2)->(24 2) 4 5 0 0 #timing (1333 1360) ps polarity 0
net 9: (24 2)->(24 2) 1 0 0 1 #timing (1561 1506) ps  polarity 1
net 9: (24 2)->(25 2) 0 2 0 1 #timing (1615 1667) ps  polarity 0
net 10: (25 1)->(25 1) 0 0 0 0 #timing (637 637) ps polarity 1
net 10: (25 1)->(27 3) 1 3 0 0 #timing (807 778) ps polarity 0
net 10: (27 3)->(25 3) 1 2 0 1 #timing (1128 1052) ps  polarity 1
net 10: (25 3)->(24 2) 0 3 0 1 #timing (1213 1304) ps  polarity 0
net 10: (27 3)->(23 3) 4 5 0 0 #timing (1179 1189) ps polarity 0
net 10: (23 3)->(23 3) 1 0 0 1 #timing (1401 1360) ps  polarity 1
net 10: (23 3)->(22 2) 0 3 0 1 #timing (1460 1502) ps  polarity 0
net 11: (24 1)->(24 1) 0 0 0 0 #timing (651 651) ps polarity 1
net 11: (24 1)->(26 3) 1 3 0 0 #timing (787 772) ps polarity 0
net 11: (26 3)->(24 1) 1 3 0 1 #timing (1068 1020) ps  polarity 1
net 11: (24 1)->(24 1) 0 0 0 1 #timing (1147 1208) ps  polarity 0
net 11: (26 3)->(22 3) 4 5 0 0 #timing (1144 1124) ps polarity 0
net 11: (22 3)->(22 3) 1 0 0 1 #timing (1328 1322) ps  polarity 1
net 11: (22 3)->(23 3) 0 2 0 1 #timing (1437 1438) ps  polarity 0
net 12: (24 3)->(24 3) 0 0 0 0 #timing (797 797) ps polarity 1
net 12: (24 3)->(26 1) 1 3 0 0 #timing (959 930) ps polarity 0
net 12: (26 1)->(24 3) 1 3 0 1 #timing (1245 1173) ps  polarity 1
net 12: (24 3)->(25 3) 0 2 0 1 #timing (1288 1385) ps  polarity 0
net 12: (26 1)->(22 1) 4 5 0 0 #timing (1349 1325) ps polarity 0
net 12: (22 1)->(22 3) 1 1 0 1 #timing (1570 1556) ps  polarity 1
net 12: (22 3)->(22 3) 0 0 0 1 #timing (1728 1733) ps  polarity 0
net 13: (25 2)->(25 2) 0 0 0 0 #timing (210 210) ps polarity 1
net 13: (25 2)->(27 0) 1 3 0 0 #timing (410 367) ps polarity 0
net 13: (27 0)->(25 2) 1 3 0 1 #timing (752 645) ps  polarity 1
net 13: (25 2)->(24 3) 0 3 0 1 #timing (822 952) ps  polarity 0
net 13: (27 0)->(27 4) 3 1 0 0 #timing (688 708) ps polarity 0
net 13: (27 4)->(23 4) 4 5 0 0 #timing (1092 1042) ps polarity 0
net 13: (23 4)->(23 4) 1 0 1 1 #timing (1247 1270) ps  polarity 1
net 13: (23 4)->(23 4) 0 0 0 1 #timing (1345 1330) ps  polarity 0
net 14: (24 2)->(25 2) 0 2 0 0 #timing (183 183) ps polarity 1
net 14: (25 2)->(25 2) 1 0 0 0 #timing (268 269) ps polarity 0
net 14: (25 2)->(25 0) 1 1 0 1 #timing (521 475) ps  polarity 1
net 14: (25 0)->(24 1) 0 3 0 1 #timing (567 631) ps  polarity 0
net 14: (25 2)->(25 6) 3 1 0 0 #timing (569 510) ps polarity 0
net 14: (25 6)->(21 6) 4 5 0 0 #timing (872 780) ps polarity 0
net 14: (21 6)->(23 4) 1 3 0 1 #timing (1093 1119) ps  polarity 1
net 14: (23 4)->(22 4) 0 2 0 1 #timing (1268 1250) ps  polarity 0
net 15: (25 3)->(25 2) 0 1 0 0 #timing (827 827) ps polarity 1
net 15: (25 2)->(25 0) 1 1 0 0 #timing (963 948) ps polarity 0
net 15: (25 0)->(25 4) 3 1 0 0 #timing (1305 1267) ps polarity 0
net 15: (25 4)->(25 6) 1 1 0 1 #timing (1559 1474) ps  polarity 1
net 15: (25 6)->(24 6) 0 2 0 1 #timing (1558 1667) ps  polarity 0
net 15: (25 4)->(21 4) 4 5 0 0 #timing (1633 1553) ps polarity 0
net 15: (21 4)->(23 4) 1 2 0 1 #timing (1832 1860) ps  polarity 1
net 15: (23 4)->(23 5) 0 1 0 1 #timing (2030 1983) ps  polarity 0
net 16: (18 3)->(18 3) 0 0 0 0 #timing (726 726) ps polarity 1
net 16: (18 3)->(16 1) 1 3 0 0 #timing (881 855) ps polarity 0
net 16: (16 1)->(18 3) 1 3 0 1 #timing (1196 1119) ps  polarity 1
net 16: (18 3)->(19 2) 0 3 0 1 #timing (1275 1372) ps  polarity 0
net 16: (16 1)->(20 1) 4 2 0 0 #timing (1142 1179) ps polarity 0
net 16: (20 1)->(20 1) 1 0 0 1 #timing (1384 1318) ps  polarity 1
net 16: (20 1)->(20 1) 0 0 0 1 #timing (1456 1506) ps  polarity 0
net 17: (19 1)->(19 0) 0 1 0 0 #timing (203 203) ps polarity 0
net 17: (19 0)->(17 2) 1 3 0 0 #timing (368 338) ps polarity 1
net 17: (17 2)->(21 2) 4 2 0 1 #timing (775 696) ps  polarity 1
net 17: (21 2)->(23 0) 1 3 0 1 #timing (1065 926) ps  polarity 0
net 17: (23 0)->(22 1) 0 3 0 1 #timing (1085 1228) ps  polarity 1
net 18: (10 0)->(10 0) 0 0 0 0 #timing (804 804) ps polarity 0
net 18: (10 0)->(8 2) 1 3 0 0 #timing (943 925) ps polarity 1
net 18: (8 2)->(12 2) 4 2 0 0 #timing (1216 1243) ps polarity 1
net 18: (12 2)->(16 2) 4 5 0 1 #timing (1533 1511) ps  polarity 1
net 18: (16 2)->(16 2) 1 0 0 1 #timing (1722 1675) ps  polarity 0
net 18: (16 2)->(17 2) 0 2 0 1 #timing (1813 1844) ps  polarity 1
net 19: (17 1)->(17 0) 0 1 0 0 #timing (720 720) ps polarity 0
net 19: (17 0)->(17 0) 1 0 0 0 #timing (806 807) ps polarity 1
net 19: (17 0)->(13 0) 4 5 0 0 #timing (1126 1070) ps polarity 1
net 19: (13 0)->(13 2) 1 1 0 1 #timing (1315 1331) ps  polarity 0
net 19: (13 2)->(12 3) 0 3 0 1 #timing (1482 1463) ps  polarity 1
net 19: (17 1)->(16 0) 0 3 0 0 #timing (724 724) ps polarity 0
net 19: (16 0)->(16 0) 1 0 0 0 #timing (816 816) ps polarity 1
net 19: (16 0)->(16 0) 1 0 1 1 #timing (1021 987) ps  polarity 0
net 19: (16 0)->(17 1) 0 3 0 1 #timing (1103 1131) ps  polarity 1
net 19: (16 0)->(18 0) 1 2 0 1 #timing (1067 1019) ps  polarity 0
net 19: (18 0)->(19 1) 0 3 0 1 #timing (1154 1224) ps  polarity 1
net 19: (16 0)->(20 0) 4 2 0 0 #timing (1096 1067) ps polarity 1
net 19: (20 0)->(20 0) 1 0 1 1 #timing (1278 1275) ps  polarity 0
net 19: (20 0)->(20 1) 0 1 0 1 #timing (1428 1406) ps  polarity 1
net 19: (20 0)->(20 2) 1 1 0 1 #timing (1320 1304) ps  polarity 0
net 19: (20 2)->(20 3) 0 1 0 1 #timing (1468 1479) ps  polarity 1
net 20: (9 0)->(8 0) 0 2 0 0 #timing (777 777) ps polarity 1
net 20: (8 0)->(10 2) 1 3 0 0 #timing (947 913) ps polarity 0
net 20: (10 2)->(14 2) 4 2 0 0 #timing (1179 1229) ps polarity 0
net 20: (14 2)->(18 2) 4 5 0 1 #timing (1497 1505) ps  polarity 0
net 20: (18 2)->(16 0) 1 3 0 1 #timing (1772 1728) ps  polarity 1
net 20: (16 0)->(16 1) 0 1 0 1 #timing (1869 1934) ps  polarity 0
net 21: (17 2)->(17 2) 0 0 0 0 #timing (162 162) ps polarity 1
net 21: (17 2)->(19 0) 1 3 0 0 #timing (326 295) ps polarity 0
net 21: (19 0)->(19 4) 3 1 0 0 #timing (623 629) ps polarity 0
net 21: (19 4)->(19 4) 1 0 1 1 #timing (837 808) ps  polarity 1
net 21: (19 4)->(19 4) 0 0 0 1 #timing (957 964) ps  polarity 0
net 21: (17 2)->(17 3) 0 1 0 0 #timing (174 174) ps polarity 1
net 21: (17 3)->(19 3) 1 2 0 0 #timing (319 299) ps polarity 0
net 21: (19 3)->(19 3) 1 0 1 1 #timing (543 502) ps  polarity 1
net 21: (19 3)->(18 3) 0 2 0 1 #timing (624 657) ps  polarity 0
net 21: (19 3)->(19 7) 3 1 0 1 #timing (749 646) ps  polarity 0
net 21: (19 7)->(19 7) 1 0 0 1 #timing (850 751) ps  polarity 1
net 21: (19 7)->(18 6) 0 3 0 1 #timing (890 972) ps  polarity 0
net 22: (18 2)->(18 2) 0 0 0 0 #timing (163 163) ps polarity 1
net 22: (18 2)->(18 2) 1 0 0 0 #timing (240 242) ps polarity 0
net 22: (18 2)->(18 2) 1 0 1 1 #timing (443 413) ps  polarity 1
net 22: (18 2)->(18 3) 0 1 0 1 #timing (534 555) ps  polarity 0
net 22: (18 2)->(19 3) 0 3 0 1 #timing (529 552) ps  polarity 0
net 22: (18 2)->(22 2) 4 2 0 0 #timing (512 485) ps polarity 0
net 22: (22 2)->(22 0) 1 1 0 1 #timing (740 722) ps  polarity 1
net 22: (22 0)->(22 0) 0 0 0 1 #timing (836 871) ps  polarity 0
net 22: (22 2)->(26 2) 4 5 0 1 #timing (821 755) ps  polarity 0
net 22: (26 2)->(24 0) 1 3 0 1 #timing (1120 982) ps  polarity 1
net 22: (24 0)->(24 1) 0 1 0 1 #timing (1112 1260) ps  polarity 0
net 22: (26 2)->(26 6) 3 1 0 1 #timing (1120 992) ps  polarity 0
net 22: (26 6)->(24 6) 1 2 0 1 #timing (1239 1109) ps  polarity 1
net 22: (24 6)->(24 6) 0 0 0 1 #timing (1242 1365) ps  polarity 0
net 22: (18 2)->(18 3) 0 1 0 0 #timing (180 180) ps polarity 1
net 22: (18 3)->(18 3) 1 0 0 0 #timing (259 260) ps polarity 0
net 22: (18 3)->(14 3) 4 5 0 0 #timing (586 526) ps polarity 0
net 22: (14 3)->(12 3) 1 2 0 1 #timing (797 809) ps  polarity 1
net 22: (12 3)->(12 3) 0 0 0 1 #timing (935 937) ps  polarity 0
net 22: (18 3)->(16 3) 1 2 0 0 #timing (308 292) ps polarity 0
net 22: (16 3)->(20 3) 4 2 0 0 #timing (570 584) ps polarity 0
net 22: (20 3)->(20 3) 1 0 0 1 #timing (790 747) ps  polarity 1
net 22: (20 3)->(20 3) 0 0 0 1 #timing (860 898) ps  polarity 0
net 22: (18 2)->(19 3) 0 3 0 0 #timing (191 191) ps polarity 1
net 22: (19 3)->(17 3) 1 2 0 0 #timing (331 314) ps polarity 0
net 22: (17 3)->(17 3) 1 0 1 1 #timing (556 518) ps  polarity 1
net 22: (17 3)->(16 3) 0 2 0 1 #timing (641 670) ps  polarity 0
net 24: (18 4)->(18 4) 0 0 0 0 #timing (649 649) ps polarity 1
net 24: (18 4)->(18 4) 1 0 0 0 #timing (721 726) ps polarity 0
net 24: (18 4)->(18 4) 1 0 1 1 #timing (924 896) ps  polarity 1
net 24: (18 4)->(18 4) 0 0 0 1 #timing (1022 1040) ps  polarity 0
net 24: (18 4)->(19 5) 0 3 0 1 #timing (1039 1048) ps  polarity 0
net 25: (23 4)->(22 5) 0 3 0 0 #timing (673 673) ps polarity 1
net 25: (22 5)->(22 5) 1 0 0 0 #timing (762 762) ps polarity 0
net 25: (22 5)->(18 5) 4 2 0 1 #timing (1164 1088) ps  polarity 0
net 25: (18 5)->(18 5) 1 0 1 1 #timing (1356 1256) ps  polarity 1
net 25: (18 5)->(19 5) 0 2 0 1 #timing (1393 1477) ps  polarity 0
net 27: (24 6)->(24 6) 0 0 0 0 #timing (706 706) ps polarity 1
net 27: (24 6)->(26 4) 1 3 0 0 #timing (871 843) ps polarity 0
net 27: (26 4)->(22 4) 4 5 0 1 #timing (1341 1226) ps  polarity 0
net 27: (22 4)->(22 4) 1 0 1 1 #timing (1533 1393) ps  polarity 1
net 27: (22 4)->(22 5) 0 1 0 1 #timing (1522 1649) ps  polarity 0
net 29: (19 3)->(19 2) 0 1 0 0 #timing (190 190) ps polarity 0
net 29: (19 2)->(19 2) 1 0 0 0 #timing (271 271) ps polarity 1
net 29: (19 2)->(19 0) 1 1 0 1 #timing (514 470) ps  polarity 0
net 29: (19 0)->(18 1) 0 3 0 1 #timing (623 662) ps  polarity 1
net 30: (17 3)->(17 3) 0 0 0 0 #timing (178 178) ps polarity 0
net 30: (17 3)->(19 1) 1 3 0 0 #timing (339 311) ps polarity 1
net 30: (19 1)->(23 1) 4 2 0 0 #timing (619 658) ps polarity 1
net 30: (23 1)->(23 1) 1 0 1 1 #timing (861 795) ps  polarity 0
net 30: (23 1)->(23 0) 0 1 0 1 #timing (894 960) ps  polarity 1
net 31: (21 3)->(21 2) 0 1 0 0 #timing (700 700) ps polarity 1
net 31: (21 2)->(23 0) 1 3 0 0 #timing (863 829) ps polarity 0
net 31: (23 0)->(21 2) 1 3 0 1 #timing (1185 1096) ps  polarity 1
net 31: (21 2)->(21 3) 0 1 0 1 #timing (1238 1357) ps  polarity 0
net 31: (23 0)->(23 4) 3 1 0 0 #timing (1201 1199) ps polarity 0
net 31: (23 4)->(19 4) 4 2 0 0 #timing (1463 1450) ps polarity 0
net 31: (19 4)->(19 4) 1 0 0 1 #timing (1664 1650) ps  polarity 1
net 31: (19 4)->(18 4) 0 2 0 1 #timing (1779 1782) ps  polarity 0
net 32: (22 3)->(22 3) 0 0 0 0 #timing (797 797) ps polarity 1
net 32: (22 3)->(22 3) 1 0 0 0 #timing (879 880) ps polarity 0
net 32: (22 3)->(22 7) 3 1 0 0 #timing (1219 1141) ps polarity 0
net 32: (22 7)->(18 7) 4 2 0 0 #timing (1544 1420) ps polarity 0
net 32: (18 7)->(18 5) 1 1 0 1 #timing (1680 1762) ps  polarity 1
net 32: (18 5)->(18 4) 0 1 0 1 #timing (1914 1830) ps  polarity 0
net 33: (19 6)->(19 6) 0 0 0 0 #timing (661 661) ps polarity 1
net 33: (19 6)->(17 4) 1 3 0 0 #timing (830 799) ps polarity 0
net 33: (17 4)->(19 4) 1 2 0 1 #timing (1106 1044) ps  polarity 1
net 33: (19 4)->(19 5) 0 1 0 1 #timing (1217 1267) ps  polarity 0
net 33: (19 4)->(18 5) 0 3 0 1 #timing (1215 1265) ps  polarity 0
net 34: (22 4)->(22 5) 0 1 0 0 #timing (672 672) ps polarity 1
net 34: (22 5)->(20 5) 1 2 0 0 #timing (835 809) ps polarity 0
net 34: (20 5)->(16 5) 4 2 0 1 #timing (1247 1160) ps  polarity 0
net 34: (16 5)->(18 5) 1 2 0 1 #timing (1485 1359) ps  polarity 1
net 34: (18 5)->(18 5) 0 0 0 1 #timing (1504 1642) ps  polarity 0
net 36: (12 3)->(12 3) 0 0 0 0 #timing (726 726) ps polarity 1
net 36: (12 3)->(14 3) 1 2 0 0 #timing (850 839) ps polarity 0
net 36: (14 3)->(18 3) 4 5 0 0 #timing (1147 1154) ps polarity 0
net 36: (18 3)->(18 3) 1 0 0 1 #timing (1352 1317) ps  polarity 1
net 36: (18 3)->(19 3) 0 2 0 1 #timing (1428 1459) ps  polarity 0
net 36: (18 3)->(18 1) 1 1 0 1 #timing (1392 1347) ps  polarity 1
net 36: (18 1)->(19 1) 0 2 0 1 #timing (1468 1525) ps  polarity 0
net 36: (12 3)->(12 2) 0 1 0 0 #timing (736 736) ps polarity 1
net 36: (12 2)->(12 2) 1 0 0 0 #timing (822 820) ps polarity 0
net 36: (12 2)->(12 2) 1 0 1 1 #timing (1025 989) ps  polarity 1
net 36: (12 2)->(12 3) 0 1 0 1 #timing (1110 1137) ps  polarity 0
net 36: (12 2)->(14 2) 1 2 0 1 #timing (1076 1025) ps  polarity 1
net 36: (14 2)->(14 3) 0 1 0 1 #timing (1162 1229) ps  polarity 0
net 37: (20 3)->(21 3) 0 2 0 0 #timing (738 738) ps polarity 1
net 37: (21 3)->(21 3) 1 0 0 0 #timing (816 819) ps polarity 0
net 37: (21 3)->(21 3) 1 0 0 1 #timing (1022 991) ps  polarity 1
net 37: (21 3)->(20 3) 0 2 0 1 #timing (1114 1136) ps  polarity 0
net 37: (21 3)->(17 3) 4 2 0 0 #timing (1099 1057) ps polarity 0
net 37: (17 3)->(13 3) 4 5 0 1 #timing (1454 1371) ps  polarity 0
net 37: (13 3)->(13 3) 1 0 1 1 #timing (1643 1535) ps  polarity 1
net 37: (13 3)->(12 3) 0 2 0 1 #timing (1659 1758) ps  polarity 0
net 37: (20 3)->(21 2) 0 3 0 0 #timing (743 743) ps polarity 1
net 37: (21 2)->(23 2) 1 2 0 0 #timing (902 875) ps polarity 0
net 37: (23 2)->(19 2) 4 2 0 0 #timing (1134 1160) ps polarity 0
net 37: (19 2)->(19 2) 1 0 1 1 #timing (1374 1322) ps  polarity 1
net 37: (19 2)->(19 3) 0 1 0 1 #timing (1468 1499) ps  polarity 0
net 37: (19 2)->(18 2) 0 2 0 1 #timing (1442 1486) ps  polarity 0
net 37: (19 2)->(15 2) 4 5 0 1 #timing (1473 1462) ps  polarity 0
net 37: (15 2)->(15 2) 1 0 1 1 #timing (1661 1627) ps  polarity 1
net 37: (15 2)->(15 3) 0 1 0 1 #timing (1773 1786) ps  polarity 0
net 38: (16 3)->(17 3) 0 2 0 0 #timing (738 738) ps polarity 1
net 38: (17 3)->(17 3) 1 0 0 0 #timing (815 819) ps polarity 0
net 38: (17 3)->(19 3) 1 2 0 1 #timing (1083 1033) ps  polarity 1
net 38: (19 3)->(18 2) 0 3 0 1 #timing (1181 1233) ps  polarity 0
net 38: (17 3)->(13 3) 4 5 0 0 #timing (1071 1039) ps polarity 0
net 38: (13 3)->(15 3) 1 2 0 1 #timing (1305 1290) ps  polarity 1
net 38: (15 3)->(14 2) 0 3 0 1 #timing (1438 1454) ps  polarity 0
net 38: (16 3)->(17 2) 0 3 0 0 #timing (743 743) ps polarity 1
net 38: (17 2)->(17 2) 1 0 0 0 #timing (829 830) ps polarity 0
net 38: (17 2)->(17 2) 1 0 1 1 #timing (1032 1001) ps  polarity 1
net 38: (17 2)->(16 3) 0 3 0 1 #timing (1145 1155) ps  polarity 0
net 39: (18 1)->(18 1) 0 0 0 0 #timing (186 186) ps polarity 0
net 39: (18 1)->(18 1) 1 0 0 0 #timing (258 263) ps polarity 1
net 39: (18 1)->(22 1) 4 2 0 0 #timing (550 515) ps polarity 1
net 39: (22 1)->(20 3) 1 3 0 1 #timing (796 777) ps  polarity 0
net 39: (20 3)->(21 2) 0 3 0 1 #timing (931 970) ps  polarity 1
net 39: (18 1)->(16 1) 1 2 0 0 #timing (315 301) ps polarity 1
net 39: (16 1)->(16 1) 1 0 0 1 #timing (536 502) ps  polarity 0
net 39: (16 1)->(16 1) 0 0 0 1 #timing (636 657) ps  polarity 1
net 39: (18 1)->(19 1) 0 2 0 0 #timing (198 198) ps polarity 0
net 39: (19 1)->(19 3) 1 1 0 0 #timing (309 296) ps polarity 1
net 39: (19 3)->(19 3) 1 0 0 1 #timing (534 498) ps  polarity 0
net 39: (19 3)->(19 3) 0 0 0 1 #timing (600 636) ps  polarity 1
net 39: (18 1)->(19 0) 0 3 0 0 #timing (184 184) ps polarity 0
net 39: (19 0)->(19 2) 1 1 0 0 #timing (306 296) ps polarity 1
net 39: (19 2)->(19 2) 1 0 0 1 #timing (529 496) ps  polarity 0
net 39: (19 2)->(18 3) 0 3 0 1 #timing (638 652) ps  polarity 1
net 39: (19 2)->(19 6) 3 1 0 0 #timing (612 585) ps polarity 1
net 39: (19 6)->(19 6) 1 0 1 1 #timing (825 763) ps  polarity 0
net 39: (19 6)->(18 6) 0 2 0 1 #timing (896 944) ps  polarity 1
net 39: (19 2)->(23 2) 4 2 0 0 #timing (584 594) ps polarity 1
net 39: (23 2)->(21 0) 1 3 0 1 #timing (867 808) ps  polarity 0
net 39: (21 0)->(20 1) 0 3 0 1 #timing (912 1002) ps  polarity 1
net 45: (19 4)->(19 4) 0 0 0 0 #timing (183 183) ps polarity 0
net 45: (19 4)->(17 6) 1 3 0 0 #timing (332 309) ps polarity 1
net 45: (17 6)->(19 6) 1 2 0 1 #timing (610 558) ps  polarity 0
net 45: (19 6)->(19 6) 0 0 0 1 #timing (672 739) ps  polarity 1
net 45: (17 6)->(17 2) 3 1 0 0 #timing (611 629) ps polarity 1
net 45: (17 2)->(17 2) 1 0 0 1 #timing (825 808) ps  polarity 0
net 45: (17 2)->(16 2) 0 2 0 1 #timing (927 937) ps  polarity 1
net 45: (17 2)->(21 2) 4 2 0 0 #timing (964 940) ps polarity 1
net 45: (21 2)->(21 0) 1 1 0 1 #timing (1186 1170) ps  polarity 0
net 45: (21 0)->(21 1) 0 1 0 1 #timing (1327 1338) ps  polarity 1
net 45: (19 4)->(18 4) 0 2 0 0 #timing (190 190) ps polarity 0
net 45: (18 4)->(16 6) 1 3 0 0 #timing (343 319) ps polarity 1
net 45: (16 6)->(16 2) 3 1 0 0 #timing (630 648) ps polarity 1
net 45: (16 2)->(16 2) 1 0 1 1 #timing (843 826) ps  polarity 0
net 45: (16 2)->(17 3) 0 3 0 1 #timing (942 952) ps  polarity 1
net 46: (17 1)->(17 1) 0 0 0 0 #timing (204 204) ps polarity 0
net 46: (17 1)->(17 3) 1 1 0 0 #timing (308 298) ps polarity 1
net 46: (17 3)->(17 3) 1 0 0 1 #timing (532 498) ps  polarity 0
net 46: (17 3)->(17 3) 0 0 0 1 #timing (599 634) ps  polarity 1
net 46: (17 3)->(16 2) 0 3 0 1 #timing (634 653) ps  polarity 1
net 46: (17 3)->(21 3) 4 2 0 0 #timing (624 619) ps polarity 1
net 46: (21 3)->(21 3) 1 0 1 1 #timing (822 798) ps  polarity 0
net 46: (21 3)->(21 3) 0 0 0 1 #timing (898 923) ps  polarity 1
net 46: (21 3)->(21 2) 0 1 0 1 #timing (915 932) ps  polarity 1
net 46: (21 3)->(20 2) 0 3 0 1 #timing (939 944) ps  polarity 1
net 46: (17 1)->(19 1) 1 2 0 0 #timing (345 320) ps polarity 1
net 46: (19 1)->(19 5) 3 1 0 1 #timing (770 654) ps  polarity 1
net 46: (19 5)->(19 5) 1 0 1 1 #timing (873 760) ps  polarity 0
net 46: (19 5)->(19 5) 0 0 0 1 #timing (885 988) ps  polarity 1
net 46: (19 5)->(18 5) 0 2 0 1 #timing (892 991) ps  polarity 1
net 46: (19 5)->(18 4) 0 3 0 1 #timing (883 986) ps  polarity 1
net 47: (20 2)->(20 2) 0 0 0 0 #timing (163 163) ps polarity 0
net 47: (20 2)->(22 2) 1 2 0 0 #timing (303 282) ps polarity 1
net 47: (22 2)->(22 2) 1 0 1 1 #timing (527 485) ps  polarity 0
net 47: (22 2)->(22 3) 0 1 0 1 #timing (599 635) ps  polarity 1
net 47: (20 2)->(21 3) 0 3 0 0 #timing (191 191) ps polarity 0
net 47: (21 3)->(21 1) 1 1 0 0 #timing (322 309) ps polarity 1
net 47: (21 1)->(17 1) 4 2 0 0 #timing (578 576) ps polarity 1
net 47: (17 1)->(17 3) 1 1 0 1 #timing (827 789) ps  polarity 0
net 47: (17 3)->(17 2) 0 1 0 1 #timing (905 957) ps  polarity 1
net 50: (13 3)->(13 3) 0 0 0 0 #timing (178 178) ps polarity 0
net 50: (13 3)->(13 3) 1 0 0 0 #timing (251 257) ps polarity 1
net 50: (13 3)->(17 3) 4 5 0 0 #timing (556 509) ps polarity 1
net 50: (17 3)->(17 1) 1 1 0 1 #timing (746 756) ps  polarity 0
net 50: (17 1)->(16 1) 0 2 0 1 #timing (888 885) ps  polarity 1
net 50: (17 3)->(19 1) 1 3 0 1 #timing (800 787) ps  polarity 0
net 50: (19 1)->(18 1) 0 2 0 1 #timing (929 960) ps  polarity 1
net 50: (17 3)->(21 3) 4 2 0 1 #timing (860 774) ps  polarity 1
net 50: (21 3)->(21 1) 1 1 0 1 #timing (1099 975) ps  polarity 0
net 50: (21 1)->(20 1) 0 2 0 1 #timing (1107 1238) ps  polarity 1
net 50: (21 3)->(23 1) 1 3 0 1 #timing (1149 1004) ps  polarity 0
net 50: (23 1)->(22 0) 0 3 0 1 #timing (1159 1307) ps  polarity 1
net 50: (17 3)->(17 3) 5 0 0 0 #timing (674 644) ps polarity 0
net 50: (17 3)->(25 3) 5 2 0 1 #timing (1124 1083) ps  polarity 1
net 50: (25 3)->(25 1) 1 1 0 1 #timing (1329 1326) ps  polarity 0
net 50: (25 1)->(24 1) 0 2 0 1 #timing (1416 1441) ps  polarity 1
net 50: (13 3)->(13 1) 1 1 0 0 #timing (296 286) ps polarity 1
net 50: (13 1)->(13 1) 1 0 1 1 #timing (513 477) ps  polarity 0
net 50: (13 1)->(12 1) 0 2 0 1 #timing (609 632) ps  polarity 1
net 50: (13 1)->(9 1) 4 2 0 0 #timing (578 579) ps polarity 1
net 50: (9 1)->(9 1) 1 0 1 1 #timing (795 763) ps  polarity 0
net 50: (9 1)->(9 0) 0 1 0 1 #timing (872 901) ps  polarity 1
net 50: (9 1)->(11 1) 1 2 0 1 #timing (856 808) ps  polarity 0
net 50: (11 1)->(10 0) 0 3 0 1 #timing (931 1009) ps  polarity 1
net 50: (13 3)->(12 3) 0 2 0 0 #timing (183 183) ps polarity 0
net 50: (12 3)->(12 3) 1 0 0 0 #timing (261 265) ps polarity 1
net 50: (12 3)->(12 7) 3 1 0 0 #timing (525 476) ps polarity 1
net 50: (12 7)->(16 7) 4 5 0 0 #timing (817 747) ps polarity 1
net 50: (16 7)->(18 7) 1 2 0 1 #timing (983 1015) ps  polarity 0
net 50: (18 7)->(18 6) 0 1 0 1 #timing (1182 1155) ps  polarity 1
net 50: (16 7)->(16 7) 5 0 0 0 #timing (941 885) ps polarity 0
net 50: (16 7)->(24 7) 5 2 0 1 #timing (1343 1267) ps  polarity 1
net 50: (24 7)->(24 7) 1 0 0 1 #timing (1472 1516) ps  polarity 0
net 50: (24 7)->(24 6) 0 1 0 1 #timing (1703 1613) ps  polarity 1
net 50: (12 3)->(16 3) 4 5 0 0 #timing (538 508) ps polarity 1
net 50: (16 3)->(20 3) 4 2 0 1 #timing (781 738) ps  polarity 1
net 50: (20 3)->(22 1) 1 3 0 1 #timing (1050 955) ps  polarity 0
net 50: (22 1)->(22 1) 0 0 0 1 #timing (1093 1215) ps  polarity 1
net 50: (13 3)->(12 2) 0 3 0 0 #timing (199 199) ps polarity 0
net 50: (12 2)->(14 0) 1 3 0 0 #timing (383 348) ps polarity 1
net 50: (14 0)->(18 0) 4 5 0 0 #timing (688 713) ps polarity 1
net 50: (18 0)->(22 0) 4 2 0 1 #timing (1000 983) ps  polarity 1
net 50: (22 0)->(22 0) 1 0 1 1 #timing (1195 1151) ps  polarity 0
net 50: (22 0)->(23 0) 0 2 0 1 #timing (1255 1299) ps  polarity 1
net 51: (16 2)->(16 2) 0 0 0 0 #timing (163 163) ps polarity 1
net 51: (16 2)->(18 2) 1 2 0 0 #timing (298 281) ps polarity 0
net 51: (18 2)->(18 2) 1 0 0 1 #timing (516 479) ps  polarity 1
net 51: (18 2)->(18 2) 0 0 0 1 #timing (584 618) ps  polarity 0
net 51: (16 2)->(16 3) 0 1 0 0 #timing (180 180) ps polarity 1
net 51: (16 3)->(16 3) 1 0 0 0 #timing (258 261) ps polarity 0
net 51: (16 3)->(16 3) 1 0 0 1 #timing (461 431) ps  polarity 1
net 51: (16 3)->(16 3) 0 0 0 1 #timing (543 569) ps  polarity 0
net 51: (16 3)->(12 3) 4 5 0 0 #timing (555 505) ps polarity 0
net 51: (12 3)->(14 3) 1 2 0 1 #timing (745 760) ps  polarity 1
net 51: (14 3)->(15 2) 0 3 0 1 #timing (930 915) ps  polarity 0
net 52: (21 2)->(21 2) 0 0 0 0 #timing (162 162) ps polarity 1
net 52: (21 2)->(21 2) 1 0 0 0 #timing (237 240) ps polarity 0
net 52: (21 2)->(17 2) 4 2 0 1 #timing (654 573) ps  polarity 0
net 52: (17 2)->(19 2) 1 2 0 1 #timing (887 770) ps  polarity 1
net 52: (19 2)->(19 2) 0 0 0 1 #timing (916 1040) ps  polarity 0
net 62: (22 6)->(22 7) 0 1 0 0 #timing (697 697) ps polarity 1
net 62: (22 7)->(20 5) 1 3 0 0 #timing (881 850) ps polarity 0
net 62: (20 5)->(20 1) 3 1 0 0 #timing (1166 1178) ps polarity 0
net 62: (20 1)->(16 1) 4 2 0 0 #timing (1478 1455) ps polarity 0
net 62: (16 1)->(16 3) 1 1 0 1 #timing (1703 1688) ps  polarity 1
net 62: (16 3)->(17 3) 0 2 0 1 #timing (1795 1827) ps  polarity 0
net 63: (16 1)->(16 1) 0 0 0 0 #timing (680 680) ps polarity 1
net 63: (16 1)->(18 3) 1 3 0 0 #timing (823 802) ps polarity 0
net 63: (18 3)->(16 1) 1 3 0 1 #timing (1129 1066) ps  polarity 1
net 63: (16 1)->(17 1) 0 2 0 1 #timing (1195 1280) ps  polarity 0
net 65: (14 2)->(14 2) 0 0 0 0 #timing (166 166) ps polarity 1
net 65: (14 2)->(14 2) 1 0 0 0 #timing (242 244) ps polarity 0
net 65: (14 2)->(18 2) 4 5 0 0 #timing (534 496) ps polarity 0
net 65: (18 2)->(18 0) 1 1 0 1 #timing (736 734) ps  polarity 1
net 65: (18 0)->(18 1) 0 1 0 1 #timing (864 872) ps  polarity 0
net 65: (14 2)->(12 0) 1 3 0 0 #timing (343 307) ps polarity 0
net 65: (12 0)->(12 0) 1 0 0 1 #timing (574 518) ps  polarity 1
net 65: (12 0)->(13 1) 0 3 0 1 #timing (629 681) ps  polarity 0
net 66: (18 6)->(18 6) 0 0 0 0 #timing (704 704) ps polarity 1
net 66: (18 6)->(16 4) 1 3 0 0 #timing (878 842) ps polarity 0
net 66: (16 4)->(18 4) 1 2 0 1 #timing (1162 1086) ps  polarity 1
net 66: (18 4)->(18 5) 0 1 0 1 #timing (1197 1295) ps  polarity 0
net 66: (16 4)->(16 0) 3 1 0 0 #timing (1149 1161) ps polarity 0
net 66: (16 0)->(16 2) 1 1 0 1 #timing (1411 1375) ps  polarity 1
net 66: (16 2)->(16 2) 0 0 0 1 #timing (1483 1535) ps  polarity 0
net 67: (23 6)->(22 7) 0 3 0 0 #timing (732 732) ps polarity 1
net 67: (22 7)->(20 7) 1 2 0 0 #timing (866 853) ps polarity 0
net 67: (20 7)->(20 3) 3 1 0 0 #timing (1157 1142) ps polarity 0
net 67: (20 3)->(16 3) 4 2 0 0 #timing (1460 1413) ps polarity 0
net 67: (16 3)->(16 3) 1 0 1 1 #timing (1624 1642) ps  polarity 1
net 67: (16 3)->(16 2) 0 1 0 1 #timing (1767 1739) ps  polarity 0
net 68: (18 5)->(18 5) 0 0 0 0 #timing (155 155) ps polarity 1
net 68: (18 5)->(18 7) 1 1 0 0 #timing (257 253) ps polarity 0
net 68: (18 7)->(18 3) 3 1 0 0 #timing (545 513) ps polarity 0
net 68: (18 3)->(18 3) 1 0 1 1 #timing (762 693) ps  polarity 1
net 68: (18 3)->(18 3) 0 0 0 1 #timing (807 871) ps  polarity 0
net 68: (18 5)->(16 7) 1 3 0 0 #timing (298 276) ps polarity 0
net 68: (16 7)->(18 5) 1 3 0 1 #timing (619 549) ps  polarity 1
net 68: (18 5)->(19 4) 0 3 0 1 #timing (694 786) ps  polarity 0
net 70: (23 1)->(23 0) 0 1 0 0 #timing (913 913) ps polarity 1
net 70: (23 0)->(21 2) 1 3 0 0 #timing (1077 1057) ps polarity 0
net 70: (21 2)->(21 2) 1 0 0 1 #timing (1312 1273) ps  polarity 1
net 70: (21 2)->(21 2) 0 0 0 1 #timing (1406 1431) ps  polarity 0
net 71: (22 1)->(23 0) 0 3 0 0 #timing (762 762) ps polarity 1
net 71: (23 0)->(21 0) 1 2 0 0 #timing (912 895) ps polarity 0
net 71: (21 0)->(21 2) 1 1 0 1 #timing (1172 1117) ps  polarity 1
net 71: (21 2)->(20 2) 0 2 0 1 #timing (1245 1309) ps  polarity 0
net 72: (21 1)->(20 1) 0 2 0 0 #timing (711 712) ps polarity 1
net 72: (20 1)->(20 1) 1 0 0 0 #timing (791 794) ps polarity 0
net 72: (20 1)->(20 3) 1 1 0 1 #timing (1038 996) ps  polarity 1
net 72: (20 3)->(20 2) 0 1 0 1 #timing (1112 1167) ps  polarity 0
net 72: (21 1)->(20 0) 0 3 0 0 #timing (724 724) ps polarity 1
net 72: (20 0)->(20 2) 1 1 0 0 #timing (842 833) ps polarity 0
net 72: (20 2)->(20 2) 1 0 0 1 #timing (1066 1031) ps  polarity 1
net 72: (20 2)->(21 2) 0 2 0 1 #timing (1171 1190) ps  polarity 0
net 73: (14 1)->(14 0) 0 1 0 0 #timing (377 377) ps polarity 0
net 73: (14 0)->(14 0) 1 0 0 0 #timing (463 464) ps polarity 1
net 73: (14 0)->(18 0) 4 5 0 1 #timing (933 830) ps  polarity 1
net 73: (18 0)->(16 2) 1 3 0 1 #timing (1213 1056) ps  polarity 0
net 73: (16 2)->(16 3) 0 1 0 1 #timing (1238 1408) ps  polarity 1
net 75: (20 1)->(20 0) 0 1 0 0 #timing (700 700) ps polarity 1
net 75: (20 0)->(22 2) 1 3 0 0 #timing (866 833) ps polarity 0
net 75: (22 2)->(20 2) 1 2 0 1 #timing (1171 1103) ps  polarity 1
net 75: (20 2)->(20 2) 0 0 0 1 #timing (1220 1307) ps  polarity 0
net 75: (20 2)->(21 3) 0 3 0 1 #timing (1231 1314) ps  polarity 0
net 76: (23 3)->(22 3) 0 2 0 0 #timing (771 771) ps polarity 1
net 76: (22 3)->(20 3) 1 2 0 0 #timing (904 892) ps polarity 0
net 76: (20 3)->(20 3) 1 0 1 1 #timing (1134 1103) ps  polarity 1
net 76: (20 3)->(21 3) 0 2 0 1 #timing (1214 1241) ps  polarity 0
net 87: (15 3)->(15 2) 0 1 0 0 #timing (448 448) ps polarity 0
net 87: (15 2)->(15 2) 1 0 0 0 #timing (530 529) ps polarity 1
net 87: (15 2)->(19 2) 4 5 0 0 #timing (854 803) ps polarity 1
net 87: (19 2)->(23 2) 4 2 0 1 #timing (1142 1070) ps  polarity 1
net 87: (23 2)->(21 2) 1 2 0 1 #timing (1382 1270) ps  polarity 0
net 87: (21 2)->(20 3) 0 3 0 1 #timing (1362 1493) ps  polarity 1
