#COLLECTE 4 WINNING_JOBS
##PARALLEL JOB[3] (3,expjob_3) timing=7113 dir=minplacer\00003_pa03_00006_rplan
##PARALLEL JOB[2] (2,expjob_2) timing=6730 dir=minplacer\00002_pa02_00006_rplan
##PARALLEL JOB[1] (1,expjob_1) timing=6729 dir=minplacer\00001_pa01_00006_rplan
##PARALLEL JOB[0] (0,expjob_0) timing=6517 dir=minplacer\00000_pa00_00006_rplan
PrePlaceDly=33807
#PLC_RUNDIR=minplacer\00000_pa00_00003_wl timing=4464 cg=0
PlaceDly=4464
TWL=3000
PEAKMEM=1304MB
#PLC_RUNDIR=minplacer\00000_pa00_00004_repopt timing=4464 cg=0
PlaceDly=4464
TWL=3000
PEAKMEM=1337MB
#PLC_RUNDIR=minplacer\00000_pa00_00005_post timing=6517 cg=0
PostIter=6
PlaceDly=6517
TWL=3000
PEAKMEM=1415MB
TotPostIter=6
#PLC_RUNDIR=minplacer\00000_pa00_00006_rplan timing=6517 cg=50
FinderPnRatio=50
FinderPnIter=0
PlaceDly=6517
PEAKMEM=1374MB
ParWin                              =expjob_0
